Clojure already installed at /home/marcampo/.local/bin/clojure
mkdir -p conf/generated
for f in conf/*.conf; do \
	sed 's|__WWWROOT__|/home/marcampo/github/webserv_sandbox/www|g' $f > conf/generated/$(basename $f); \
done
cd webserv-tests && PATH="/home/marcampo/.local/bin:/home/marcampo/.brew/bin:/opt/pyenv/plugins/pyenv-virtualenv/shims:/opt/pyenv/shims:/opt/pyenv/bin:/opt/pyenv/plugins/pyenv-virtualenv/shims:/opt/pyenv/bin:/home/marcampo/bin:/opt/pyenv/plugins/pyenv-virtualenv/shims:/opt/pyenv/bin:/opt/pyenv/plugins/pyenv-virtualenv/shims:/opt/pyenv/bin:/usr/local/sbin:/usr/local/bin:/usr/sbin:/usr/bin:/sbin:/bin:/usr/games:/usr/local/games:/snap/bin:/home/marcampo/.local/share/nvim/lazy-rocks/hererocks/bin:/home/marcampo/.local/bin" clojure -M:test
--- unit (clojure.test) ---------------------------
webserv-tests.resilience-test
  test-client-close-mid-response-stays-responsive
    a client that closes mid-response does not crash the server
  test-oversized-body-half-close-does-not-hang
    KNOWN-FAILING: an oversized body that is half-closed early is answered or closed, not spun on
  test-half-close-server-stays-responsive
    Server still serves other clients after a half-closed connection
  test-high-bit-percent-escape-stays-responsive
    a %ff escape does not crash or wedge the server
  test-half-closed-incomplete-request-does-not-hang
    KNOWN-FAILING: an incomplete request + half-close is answered or closed, not left hanging
  test-cgi-lf-only-headers-do-not-hang
    KNOWN-FAILING: a CGI emitting LF-only header lines is parsed, not hung
  test-double-encoded-percent-does-not-loop
    KNOWN-FAILING: %2525 (decodes to %25) also terminates
  test-percent-encoded-percent-does-not-loop
    KNOWN-FAILING: a URI that decodes to a literal % is answered, not looped forever

webserv-tests.request-line-test
  test-http11-get
    Well-formed HTTP/1.1 GET returns 200
  test-http10-get
    HTTP/1.0 GET (no Host header required) returns 200

webserv-tests.response-format-test
  test-allow-header-present
    GET response includes an Allow header listing permitted methods
  test-status-line-format
    200 response status line matches HTTP/x.x 200 <reason>
  test-date-header-present
    200 response includes a Date header
  test-body-contains-html
    Body of /index.html contains an HTML tag
  test-content-length-is-positive
    Content-Length for an HTML file is a positive integer
  test-content-length-present
    200 response includes a Content-Length header
  test-body-non-empty-for-html
    Response body for /index.html is not empty

webserv-tests.virtual-hosts-test
  test-unknown-host-falls-back-to-default
    Unrecognised Host header falls back to the default server
  test-static-host-missing-file
    static.local returns an error for a file that only exists in www/ not www/static/
  test-static-host-serves-its-root
    static.local serves index.html from www/static/
  test-default-host-serves-root
    default.local serves index.html from www/

webserv-tests.error-response-test
  test-put-returns-501
    PUT returns 501
  test-patch-returns-501
    PATCH returns 501
  test-version-too-long-returns-400
    Overlong version string returns 400 or closes connection
  test-empty-request
    Empty request closes connection or returns 4xx
  test-unknown-method-foobar-returns-501
    Unknown method FOOBAR returns 501
  test-request-line-missing-uri
    Request line with only a method token closes connection or returns 4xx
  test-unknown-method-xyzzy-returns-501
    Unknown method XYZZY returns 501
  test-head-returns-501
    HEAD returns 501
  test-http20-returns-505
    HTTP/2.0 version string returns 505
  test-error-response-has-valid-status-line
    If the server sends a response to an unknown method it must be well-formed
  test-garbage-request-line
    Completely unparseable request line closes connection or returns 4xx
  test-invalid-version-returns-400
    Garbage version string returns 400
  test-options-returns-501
    OPTIONS returns 501

webserv-tests.limit-except-test
  test-post-blocked-on-restricted-location
    POST on a limit_except GET location returns 405
  test-delete-blocked-on-restricted-location
    DELETE on a limit_except GET location returns 405
  test-get-allowed-on-restricted-location
    GET on a limit_except GET location is permitted (not 405)

webserv-tests.content-type-test
  test-cgi-without-status-defaults-to-200
    KNOWN-FAILING: a CGI that omits Status: still yields a valid HTTP 200 status line
  test-static-html-has-content-type
    KNOWN-FAILING: a served .html file carries a text/html Content-Type header

webserv-tests.static-index-test
  test-root-index-still-served
    GET / still serves the root index (control: index directive works at all)
  test-subdirectory-index-is-served
    KNOWN-FAILING: GET /idxdir/ serves www/idxdir/index.html, not the root index

webserv-tests.redirect-test
  test-external-return-redirects
    external `return 302 <url>` sends a 302 with the Location header (works today)
  test-internal-return-redirects
    KNOWN-FAILING: internal `return 301 /index.html` yields the redirect, not 500
  test-large-header-buffer-honored
    KNOWN-FAILING: client_header_buffer_size 16384 lets a ~3 KB request line through[31m FAIL[m

webserv-tests.upload-test
  test-small-upload-reaches-disk
    a POST body smaller than the request buffer is written to disk in full (control)[31m FAIL[m[31m FAIL[m
  test-large-upload-is-not-truncated
    KNOWN-FAILING: a POST body larger than one buffer is written to disk in full[31m FAIL[m[31m FAIL[m

webserv-tests.cgi-lifecycle-test
  test-aborted-cgi-requests-do-not-leak-fds
    an aborted CGI request releases its socket and both pipe ends
  test-runaway-cgi-is-terminated-at-its-deadline
    a CGI that never exits is killed at CGI_TIMEOUT and the request is answered
  test-aborted-cgi-requests-leave-no-zombies
    children forked for clients that disconnected are killed and reaped
  test-sigterm-immune-cgi-is-escalated-to-sigkill
    a CGI that ignores SIGTERM is escalated to SIGKILL and dies
  test-server-stays-responsive-while-a-cgi-runs-away
    a runaway CGI does not stall the event loop for other clients
  test-normal-cgi-is-answered-and-reaped
    a well-behaved CGI answers 200 and leaves no child behind (control)

webserv-tests.method-test
  test-multiple-sequential-gets
    Server handles multiple sequential GET requests without crashing
  test-post-does-not-crash-server
    Server stays alive after a POST request
  test-delete-does-not-crash-server
    Server stays alive after a DELETE request
  test-get-existing-file
    GET returns 200 for an existing file

webserv-tests.static-files-test
  test-index-body-contains-doctype
    Body of /index.html starts with a DOCTYPE or html tag
  test-index-body-contains-hello-world
    Body of /index.html contains the expected page text
  test-dot-segments-normalised
    GET /static/../index.html resolves to /index.html and returns 200
  test-root-index
    GET /index.html returns 200
  test-static-subdirectory
    GET /static/index.html returns 200
  test-missing-file-is-error
    GET on a non-existent path returns an error status
  test-css-file
    GET /style.css returns 200

webserv-tests.timeout-test
  test-stalled-headers-time-out
    a client that stops mid-header-block is timed out within client_header_timeout (control)
  test-stalled-body-times-out
    KNOWN-FAILING: a client that stops mid-body is timed out too, not held for the 60 s default

webserv-tests.parse-error-test
  test-invalid-percent-encoding-is-400
    KNOWN-FAILING: an invalid %-escape in the URI returns 400
  test-control-char-in-uri-is-400
    KNOWN-FAILING: a control character in the URI returns 400
  test-bogus-minor-version-is-400
    KNOWN-FAILING: a bogus HTTP minor version (HTTP/1.10) returns 400[31m FAIL[m
  test-bare-method-line-is-400
    KNOWN-FAILING: a request line with only a method (no URI) returns 400
  test-content-length-trailing-junk-is-400
    KNOWN-FAILING: a Content-Length with trailing junk returns 400[31m FAIL[m
  test-server-survives-malformed-request-lines
    Server stays responsive after a batch of malformed request lines

webserv-tests.autoindex-test
  test-autoindex-has-html-content-type
    KNOWN-FAILING: a generated directory listing is served as text/html
  test-autoindex-lists-directory
    GET on a directory without an index serves a generated listing (control)
  test-autoindex-does-not-leak-temp-files
    KNOWN-FAILING: serving directory listings leaves no /tmp/autoindex_* files behind[31m FAIL[m

webserv-tests.regression-test
  test-cgi-content-length-forwarded
    KNOWN-FAILING: CONTENT_LENGTH env var is set for a CGI POST
  test-header-without-colon-rejected
    KNOWN-FAILING: a header line with no colon yields 400, not 200
  test-binary-file-served-intact
    KNOWN-FAILING: GET on a binary file returns the whole file, not a NUL-truncated prefix
  test-chunked-post-unchunked-for-cgi
    KNOWN-FAILING: a chunked POST body is de-chunked and delivered to the CGI[31m FAIL[m
  test-cgi-content-type-forwarded
    KNOWN-FAILING: CONTENT_TYPE env var is forwarded to the CGI
  test-cgi-post-body-readable-via-content-length
    KNOWN-FAILING: a CGI reading CONTENT_LENGTH bytes from stdin sees the body
  test-binary-body-matches-content-length
    KNOWN-FAILING: bytes delivered equal the advertised Content-Length
  test-delete-removes-file
    KNOWN-FAILING: DELETE removes the target file from disk

webserv-tests.body-size-test
  test-normal-get-unaffected
    GET requests are not affected by the body size limit
  test-oversized-body-rejected
    POST with body exceeding client_max_body_size (100 bytes) returns 413
  test-small-body-accepted
    POST with body under client_max_body_size is not rejected with 413

webserv-tests.cgi-robustness-test
  test-cgi-body-has-no-leading-crlf
    KNOWN-FAILING: the CGI body is delivered without an injected leading CRLF
  test-cgi-lowercase-status-honored
    KNOWN-FAILING: a lowercase CGI `status:` still produces an HTTP 200 status line
  test-large-cgi-body-not-truncated
    KNOWN-FAILING: a large CGI body is delivered whole, not cut off at EPOLLHUP
  test-oversized-cgi-header-is-forwarded
    KNOWN-FAILING: a CGI header larger than the buffer is forwarded, not dropped[31m FAIL[m[31m FAIL[m
  test-slow-exiting-cgi-does-not-block-the-loop
    KNOWN-FAILING: a CGI that lingers after closing stdout must not stall other clients
  test-cgi-with-no-output-does-not-spin
    KNOWN-FAILING: a CGI that exits with no output is answered or closed, not spun on

webserv-tests.cgi-test
  test-cgi-body-content
    Body returned by the CGI script contains expected output
  test-cgi-multi-header-response-intact
    All headers of a multi-header CGI response reach the client with exact values
  test-cgi-post-method-env
    REQUEST_METHOD is POST for a POST request
  test-cgi-content-type-forwarded
    Content-Type header set by the CGI script is forwarded
  test-cgi-request-method-env
    REQUEST_METHOD env var is set to GET for a GET request
  test-cgi-status-forwarded
    Status header set by the CGI script is forwarded to the client
  test-cgi-executes-and-responds
    GET on a CGI script produces a response (not a connection close)
  test-missing-cgi-script-is-error
    Requesting a non-existent CGI script produces an error response
  test-cgi-query-string-forwarded
    QUERY_STRING env var contains the URL query string
  test-cgi-post-body-forwarded
    POST body is passed to the CGI script via stdin
  test-cgi-empty-query-string
    QUERY_STRING is empty when no query string is provided

Randomized with --seed 2126005446

[31mFAIL[m in webserv-tests.redirect-test/test-large-header-buffer-honored (redirect_test.clj:53)
KNOWN-FAILING: client_header_buffer_size 16384 lets a ~3 KB request line through
expected 404 for a missing path via a 16 KB header buffer, got 414
Expected:
  [36m404[0m
Actual:
  [31m-404[0m [32m+414[0m
╭───── Test output ───────────────────────────────────────────────────────
│   ↳ conf file: redirect_buffer.conf
╰─────────────────────────────────────────────────────────────────────────

[31mFAIL[m in webserv-tests.upload-test/test-small-upload-reaches-disk (upload_test.clj:65)
a POST body smaller than the request buffer is written to disk in full (control)
the upload should have created the target file
expected: (.exists (probe-file name))
  actual: false
╭───── Test output ───────────────────────────────────────────────────────
│   ↳ conf file: upload.conf
│   ↳ conf file: upload.conf
╰─────────────────────────────────────────────────────────────────────────

[31mFAIL[m in webserv-tests.upload-test/test-small-upload-reaches-disk (upload_test.clj:67)
a POST body smaller than the request buffer is written to disk in full (control)
every byte of a single-buffer body should reach disk
Expected:
  [36m64[0m
Actual:
  [31m-64[0m [32m+0[0m
╭───── Test output ───────────────────────────────────────────────────────
│   ↳ conf file: upload.conf
│   ↳ conf file: upload.conf
╰─────────────────────────────────────────────────────────────────────────

[31mFAIL[m in webserv-tests.upload-test/test-large-upload-is-not-truncated (upload_test.clj:78)
KNOWN-FAILING: a POST body larger than one buffer is written to disk in full
the whole 5000-byte body must reach disk, not just the bytes left in the scratch buffer after handle_setup
Expected:
  [36m5000[0m
Actual:
  [31m-5000[0m [32m+0[0m
╭───── Test output ───────────────────────────────────────────────────────
│   ↳ conf file: upload.conf
│   ↳ conf file: upload.conf
╰─────────────────────────────────────────────────────────────────────────

[31mFAIL[m in webserv-tests.upload-test/test-large-upload-is-not-truncated (upload_test.clj:84)
KNOWN-FAILING: a POST body larger than one buffer is written to disk in full
the uploaded file must serve back at its full length
Expected:
  [36m5000[0m
Actual:
  [31m-5000[0m [32m+395[0m
╭───── Test output ───────────────────────────────────────────────────────
│   ↳ conf file: upload.conf
│   ↳ conf file: upload.conf
╰─────────────────────────────────────────────────────────────────────────

[31mFAIL[m in webserv-tests.parse-error-test/test-bogus-minor-version-is-400 (parse_error_test.clj:52)
KNOWN-FAILING: a bogus HTTP minor version (HTTP/1.10) returns 400
Expected:
  [36m400[0m
Actual:
  [31m-400[0m [32m+200[0m
╭───── Test output ───────────────────────────────────────────────────────
│   ↳ conf file: base.conf
╰─────────────────────────────────────────────────────────────────────────

[31mFAIL[m in webserv-tests.parse-error-test/test-content-length-trailing-junk-is-400 (parse_error_test.clj:42)
KNOWN-FAILING: a Content-Length with trailing junk returns 400
Expected:
  [36m400[0m
Actual:
  [31m-400[0m [32m+200[0m
╭───── Test output ───────────────────────────────────────────────────────
│   ↳ conf file: base.conf
╰─────────────────────────────────────────────────────────────────────────

[31mFAIL[m in webserv-tests.autoindex-test/test-autoindex-does-not-leak-temp-files (autoindex_test.clj:57)
KNOWN-FAILING: serving directory listings leaves no /tmp/autoindex_* files behind
5 directory listings leaked 5 temp file(s) into /tmp; setup_autoindex never unlinks them
expected: (empty? leaked)
  actual: (not (empty? #{"autoindex_xoDZ0g" "autoindex_B1dyhl" "autoindex_CQYZRy" "autoindex_OCtnhD" "autoindex_ByVXNa"}))
╭───── Test output ───────────────────────────────────────────────────────
│   ↳ conf file: autoindex.conf
╰─────────────────────────────────────────────────────────────────────────

[31mFAIL[m in webserv-tests.regression-test/test-chunked-post-unchunked-for-cgi (regression_test.clj:118)
KNOWN-FAILING: a chunked POST body is de-chunked and delivered to the CGI
expected: (clojure.string/includes? (:body resp) "BODY=hello world")
  actual: (not (clojure.string/includes? "" "BODY=hello world"))
╭───── Test output ───────────────────────────────────────────────────────
│   ↳ conf file: base.conf
╰─────────────────────────────────────────────────────────────────────────

[31mFAIL[m in webserv-tests.cgi-robustness-test/test-oversized-cgi-header-is-forwarded (cgi_robustness_test.clj:79)
KNOWN-FAILING: a CGI header larger than the buffer is forwarded, not dropped
a 200 status line should be present
expected: (re-find #"HTTP/\S+ 200" response)
  actual: (not (re-find #"HTTP/\S+ 200" "HTTP/1.0 502 Bad Gateway\r\nDate: Mon, 24 Aug 2026 15:33:42 GMT\r\n\r\n"))
╭───── Test output ───────────────────────────────────────────────────────
│   ↳ conf file: base.conf
│   ↳ conf file: base.conf
╰─────────────────────────────────────────────────────────────────────────

[31mFAIL[m in webserv-tests.cgi-robustness-test/test-oversized-cgi-header-is-forwarded (cgi_robustness_test.clj:80)
KNOWN-FAILING: a CGI header larger than the buffer is forwarded, not dropped
the large X-Big header should reach the client
expected: (clojure.string/includes? response "BIGHEADERVALUE")
  actual: (not (clojure.string/includes? "HTTP/1.0 502 Bad Gateway\r\nDate: Mon, 24 Aug 2026 15:33:42 GMT\r\n\r\n" "BIGHEADERVALUE"))
╭───── Test output ───────────────────────────────────────────────────────
│   ↳ conf file: base.conf
│   ↳ conf file: base.conf
╰─────────────────────────────────────────────────────────────────────────
[31m102 tests, 143 assertions, 11 failures.[m
